Instancia 1
ab e uma palavra valida
a nao e uma palavra valida

Instancia 2
ab e uma palavra valida
a e uma palavra valida

Instancia 3

Instancia 4
a e uma palavra valida
b e uma palavra valida
c nao e uma palavra valida

Instancia 5
baaba e uma palavra valida
ab e uma palavra valida
abaa e uma palavra valida
a nao e uma palavra valida
aaaaa e uma palavra valida
bbbbb nao e uma palavra valida

Instancia 6
baaba nao e uma palavra valida
ab e uma palavra valida
abaa nao e uma palavra valida
a nao e uma palavra valida
aaaaa nao e uma palavra valida
bbbbb nao e uma palavra valida

Instancia 7
ab e uma palavra valida
aaab e uma palavra valida
aba nao e uma palavra valida
baaaaaaaa nao e uma palavra valida
abbbbbb nao e uma palavra valida
aaaaaba nao e uma palavra valida
baaaaaaaab nao e uma palavra valida
aaaa nao e uma palavra valida
a nao e uma palavra valida
ab e uma palavra valida

Instancia 8
ab nao e uma palavra valida
aaab nao e uma palavra valida
aba nao e uma palavra valida
baaaaaaaa nao e uma palavra valida
abbbbbb nao e uma palavra valida
aaaaaba nao e uma palavra valida
baaaaaaaab nao e uma palavra valida
aaaa nao e uma palavra valida
a nao e uma palavra valida
ab nao e uma palavra valida

Instancia 9
aaaaaaaaaaaaaaaaaaaaaaaaaaaaaaaaaaaaaaaaaas e uma palavra valida
aaaaaaaaaaaaaaaaaaaaaaaaaaaaaaaaaaaaaaaaaas e uma palavra valida
aaaaaaaaaaaaaaaaaaaaaaaaaaaaaaaaaaaaaaaaaas e uma palavra valida
aaaaaaaaaaaaaaaaaaaaaaaaaaaaaaaaaaaaaaaaaas e uma palavra valida
aaaaaaaaaaaaaaaaaaaaaaaaaaaaaaaaaaaaaaaaaas e uma palavra valida
poiuytrewqasdfghjklmnbvcxz e uma palavra valida
zzzzzzzzzzzzzzzzzzzzzzzzzzzzzzzzzzzzzzzzzzzzzzzzzz e uma palavra valida
abc e uma palavra valida
cba e uma palavra valida
hlashfluahfreubyvwaruiewyfuaiwbyfwaelbfyewbfyefawk e uma palavra valida
alnceuyafcbuearyvuiawefyeulawybrebydaywauyeryewyew e uma palavra valida
laeucybeakufdyesuidyndfyyelquiweyfreylaseuyfieslfy e uma palavra valida
awnerxyaewyfqpriuoewiahlsfjkhadsfjkhdasflhfldshajj e uma palavra valida
q e uma palavra valida
w e uma palavra valida
e e uma palavra valida
r e uma palavra valida
t e uma palavra valida
y e uma palavra valida
u e uma palavra valida
i e uma palavra valida
o e uma palavra valida
p e uma palavra valida
a e uma palavra valida
s e uma palavra valida
d e uma palavra valida
f e uma palavra valida
g e uma palavra valida
h e uma palavra valida
j e uma palavra valida
k e uma palavra valida
l e uma palavra valida
z e uma palavra valida
x e uma palavra valida
c e uma palavra valida
v e uma palavra valida
b e uma palavra valida
n e uma palavra valida
m e uma palavra valida

Instancia 10
aaaaaaaaaaaaaaaaaaaaaaaaaaaaaaaaaaaaaaaaaas e uma palavra valida
aaaaaaaaaaaaaaaaaaaaaaaaaaaaaaaaaaaaaaaaaas e uma palavra valida
aaaaaaaaaaaaaaaaaaaaaaaaaaaaaaaaaaaaaaaaaas e uma palavra valida
aaaaaaaaaaaaaaaaaaaaaaaaaaaaaaaaaaaaaaaaaas e uma palavra valida
aaaaaaaaaaaaaaaaaaaaaaaaaaaaaaaaaaaaaaaaaas e uma palavra valida
poiuytrewqasdfghjklmnbvcxz nao e uma palavra valida
zzzzzzzzzzzzzzzzzzzzzzzzzzzzzzzzzzzzzzzzzzzzzzzzzz e uma palavra valida
abc e uma palavra valida
cba e uma palavra valida
hlashfluahfreubyvwaruiewyfuaiwbyfwaelbfyewbfyefawk nao e uma palavra valida
alnceuyafcbuearyvuiawefyeulawybrebydaywauyeryewyew e uma palavra valida
laeucybeakufdyesuidyndfyyelquiweyfreylaseuyfieslfy nao e uma palavra valida
awnerxyaewyfqpriuoewiahlsfjkhadsfjkhdasflhfldshajj nao e uma palavra valida
q e uma palavra valida
w e uma palavra valida
e e uma palavra valida
r e uma palavra valida
t e uma palavra valida
y e uma palavra valida
u e uma palavra valida
i e uma palavra valida
o e uma palavra valida
p e uma palavra valida
a e uma palavra valida
s e uma palavra valida
d e uma palavra valida
f e uma palavra valida
g e uma palavra valida
h e uma palavra valida
j e uma palavra valida
k e uma palavra valida
l e uma palavra valida
z e uma palavra valida
x e uma palavra valida
c e uma palavra valida
v e uma palavra valida
b e uma palavra valida
n e uma palavra valida
m e uma palavra valida

Instancia 11
ab e uma palavra valida
a nao e uma palavra valida

Instancia 12
ab e uma palavra valida
a e uma palavra valida

Instancia 13
a e uma palavra valida
b e uma palavra valida
c nao e uma palavra valida

Instancia 14
baaba e uma palavra valida
ab e uma palavra valida
abaa e uma palavra valida
a nao e uma palavra valida
aaaaa e uma palavra valida
bbbbb nao e uma palavra valida

Instancia 15
baaba nao e uma palavra valida
ab e uma palavra valida
abaa nao e uma palavra valida
a nao e uma palavra valida
aaaaa nao e uma palavra valida
bbbbb nao e uma palavra valida

Instancia 16
ab e uma palavra valida
aaab e uma palavra valida
aba nao e uma palavra valida
baaaaaaaa nao e uma palavra valida
abbbbbb nao e uma palavra valida
aaaaaba nao e uma palavra valida
baaaaaaaab nao e uma palavra valida
aaaa nao e uma palavra valida
a nao e uma palavra valida
ab e uma palavra valida

Instancia 17
ab nao e uma palavra valida
aaab nao e uma palavra valida
aba nao e uma palavra valida
baaaaaaaa nao e uma palavra valida
abbbbbb nao e uma palavra valida
aaaaaba nao e uma palavra valida
baaaaaaaab nao e uma palavra valida
aaaa nao e uma palavra valida
a nao e uma palavra valida
ab nao e uma palavra valida

Instancia 18
aaaaaaaaaaaaaaaaaaaaaaaaaaaaaaaaaaaaaaaaaas e uma palavra valida
aaaaaaaaaaaaaaaaaaaaaaaaaaaaaaaaaaaaaaaaaas e uma palavra valida
aaaaaaaaaaaaaaaaaaaaaaaaaaaaaaaaaaaaaaaaaas e uma palavra valida
aaaaaaaaaaaaaaaaaaaaaaaaaaaaaaaaaaaaaaaaaas e uma palavra valida
aaaaaaaaaaaaaaaaaaaaaaaaaaaaaaaaaaaaaaaaaas e uma palavra valida
poiuytrewqasdfghjklmnbvcxz e uma palavra valida
zzzzzzzzzzzzzzzzzzzzzzzzzzzzzzzzzzzzzzzzzzzzzzzzzz e uma palavra valida
abc e uma palavra valida
cba e uma palavra valida
hlashfluahfreubyvwaruiewyfuaiwbyfwaelbfyewbfyefawk e uma palavra valida
alnceuyafcbuearyvuiawefyeulawybrebydaywauyeryewyew e uma palavra valida
laeucybeakufdyesuidyndfyyelquiweyfreylaseuyfieslfy e uma palavra valida
awnerxyaewyfqpriuoewiahlsfjkhadsfjkhdasflhfldshajj e uma palavra valida
q e uma palavra valida
w e uma palavra valida
e e uma palavra valida
r e uma palavra valida
t e uma palavra valida
y e uma palavra valida
u e uma palavra valida
i e uma palavra valida
o e uma palavra valida
p e uma palavra valida
a e uma palavra valida
s e uma palavra valida
d e uma palavra valida
f e uma palavra valida
g e uma palavra valida
h e uma palavra valida
j e uma palavra valida
k e uma palavra valida
l e uma palavra valida
z e uma palavra valida
x e uma palavra valida
c e uma palavra valida
v e uma palavra valida
b e uma palavra valida
n e uma palavra valida
m e uma palavra valida

Instancia 19
aaaaaaaaaaaaaaaaaaaaaaaaaaaaaaaaaaaaaaaaaas e uma palavra valida
aaaaaaaaaaaaaaaaaaaaaaaaaaaaaaaaaaaaaaaaaas e uma palavra valida
aaaaaaaaaaaaaaaaaaaaaaaaaaaaaaaaaaaaaaaaaas e uma palavra valida
aaaaaaaaaaaaaaaaaaaaaaaaaaaaaaaaaaaaaaaaaas e uma palavra valida
aaaaaaaaaaaaaaaaaaaaaaaaaaaaaaaaaaaaaaaaaas e uma palavra valida
poiuytrewqasdfghjklmnbvcxz nao e uma palavra valida
zzzzzzzzzzzzzzzzzzzzzzzzzzzzzzzzzzzzzzzzzzzzzzzzzz e uma palavra valida
abc e uma palavra valida
cba e uma palavra valida
hlashfluahfreubyvwaruiewyfuaiwbyfwaelbfyewbfyefawk nao e uma palavra valida
alnceuyafcbuearyvuiawefyeulawybrebydaywauyeryewyew e uma palavra valida
laeucybeakufdyesuidyndfyyelquiweyfreylaseuyfieslfy nao e uma palavra valida
awnerxyaewyfqpriuoewiahlsfjkhadsfjkhdasflhfldshajj nao e uma palavra valida
q e uma palavra valida
w e uma palavra valida
e e uma palavra valida
r e uma palavra valida
t e uma palavra valida
y e uma palavra valida
u e uma palavra valida
i e uma palavra valida
o e uma palavra valida
p e uma palavra valida
a e uma palavra valida
s e uma palavra valida
d e uma palavra valida
f e uma palavra valida
g e uma palavra valida
h e uma palavra valida
j e uma palavra valida
k e uma palavra valida
l e uma palavra valida
z e uma palavra valida
x e uma palavra valida
c e uma palavra valida
v e uma palavra valida
b e uma palavra valida
n e uma palavra valida
m e uma palavra valida

Instancia 20
z nao e uma palavra valida

Instancia 21
aaaaaaaaaaaaaaaaaaaaaaaaaaaaaaaaaaaaaaaaaas nao e uma palavra valida
aaaaaaaaaaaaaaaaaaaaaaaaaaaaaaaaaaaaaaaaaas nao e uma palavra valida
aaaaaaaaaaaaaaaaaaaaaaaaaaaaaaaaaaaaaaaaaas nao e uma palavra valida
aaaaaaaaaaaaaaaaaaaaaaaaaaaaaaaaaaaaaaaaaas nao e uma palavra valida
aaaaaaaaaaaaaaaaaaaaaaaaaaaaaaaaaaaaaaaaaas nao e uma palavra valida
poiuytrewqasdfghjklmnbvcxz nao e uma palavra valida
zzzzzzzzzzzzzzzzzzzzzzzzzzzzzzzzzzzzzzzzzzzzzzzzzz nao e uma palavra valida
abc nao e uma palavra valida
cba nao e uma palavra valida
hlashfluahfreubyvwaruiewyfuaiwbyfwaelbfyewbfyefawk nao e uma palavra valida
alnceuyafcbuearyvuiawefyeulawybrebydaywauyeryewyew nao e uma palavra valida
laeucybeakufdyesuidyndfyyelquiweyfreylaseuyfieslfy nao e uma palavra valida
awnerxyaewyfqpriuoewiahlsfjkhadsfjkhdasflhfldshajj nao e uma palavra valida
q nao e uma palavra valida
w nao e uma palavra valida
e nao e uma palavra valida
r nao e uma palavra valida
t nao e uma palavra valida
y nao e uma palavra valida
u nao e uma palavra valida
i nao e uma palavra valida
o nao e uma palavra valida
p nao e uma palavra valida
a nao e uma palavra valida
s nao e uma palavra valida
d nao e uma palavra valida
f nao e uma palavra valida
g nao e uma palavra valida
h nao e uma palavra valida
j nao e uma palavra valida
k nao e uma palavra valida
l nao e uma palavra valida
z nao e uma palavra valida
x nao e uma palavra valida
c nao e uma palavra valida
v nao e uma palavra valida
b nao e uma palavra valida
n nao e uma palavra valida
m nao e uma palavra valida

Instancia 22
T e uma palavra valida
. e uma palavra valida
.T nao e uma palavra valida

